// Jest Snapshot v1, https://goo.gl/fbAQLP

exports[`initial state renders without crashing 1`] = `
<div>
  <h2
    id="section-tilemap"
  >
    TileMap
  </h2>
  <h3>
    Percentage change in the volume of new auto loans
  </h3>
  <div
    class="cfpb-chart"
    data-chart-color="navy"
    data-chart-description="This is the chart description."
    data-chart-source="consumer-credit-trends/auto-loans/map_data_AUT.csv"
    data-chart-title="Map about something"
    data-chart-type="tile_map"
  >
    This is the chart description.
  </div>
</div>
`;
